// Vitest Snapshot v1, https://vitest.dev/guide/snapshot.html

exports[`OfferSearchModal component > Structure > should have match snapshot 1`] = `
<body>
  <div>
    <div
      class="w-full md:w-6/12 lg:w-6/12 xl:w-4/12"
    >
      <div
        class="bg-gray-100 w-full flex flex-col gap-7 items-center rounded-md"
      >
        <header
          class="w-full flex justify-between items-center text-md font-bold uppercase bg-green-50 h-14 text-center p-3 text-black rounded-t-md"
        >
          <p>
            Title
          </p>
           
          <button
            class="w-8 h-8 flex items-center justify-center rounded-full"
            data-testid="close-modal-button"
          >
            <svg
              height="1.2em"
              viewBox="0 0 24 24"
              width="1.2em"
            >
              <path
                d="M12 2c5.53 0 10 4.47 10 10s-4.47 10-10 10S2 17.53 2 12S6.47 2 12 2m3.59 5L12 10.59L8.41 7L7 8.41L10.59 12L7 15.59L8.41 17L12 13.41L15.59 17L17 15.59L13.41 12L17 8.41z"
                fill="currentColor"
              />
            </svg>
            <!--&lt;Close-circle&gt;-->
          </button>
        </header>
         
        <p
          class="w-11/12 text-start text-slate-600"
        >
          Body
        </p>
         
        <div
          class="w-full px-4"
        >
          <div
            class="w-full h-10 flex justify-center"
          >
            <div
              class="relative w-full"
            >
              <input
                class="w-full h-full focus:outline-none text-black text-left pl-2 rounded-none border border-l-gray-500 border-t-gray-500 border-b-gray-500"
                data-testid="search-input"
                placeholder="Chercher un produit"
                type="text"
              />
               
            </div>
             
          </div>
          <!--&lt;SearchInput&gt;-->
           
          <div
            class="py-4"
          >
            <p
              class="text-center text-gray-700"
              data-testid="description-message"
            >
              <span>
                Cherchez l'offre que vous d√©sirez modifier.
              </span>
            </p>
          </div>
        </div>
         
      </div>
      <!--&lt;BaseModal&gt;-->
    </div>
    
    <!--&lt;OfferSearchModal&gt;-->
  </div>
</body>
`;
