// Vitest Snapshot v1, https://vitest.dev/guide/snapshot.html

exports[`OrderedItemSummaryCard > should have match snapshot 1`] = `
<body>
  <div>
    <div
      class="h-32 xl:h-36 flex bg-white rounded-md shadow-md s-ReROHsK2djRp"
    >
      <img
        class="w-2/5 p-2 h-full product-image object-contain"
        width="160"
      />
      <!--&lt;Image&gt;-->
       
      <div
        class="w-3/5 flex flex-col justify-between hover:bg-orange-100 pl-2 s-ReROHsK2djRp"
      >
        <div
          class="flex justify-between s-ReROHsK2djRp"
        >
          <div
            class="font-thin flex justify-center items-center s-ReROHsK2djRp"
          >
            undefined x undefined
          </div>
        </div>
         
        <div
          class="flex justify-between h-10 s-ReROHsK2djRp"
        >
          <div
            class="w-4/12 font-thin flex items-center s-ReROHsK2djRp"
          >
            $
            NaN
          </div>
        </div>
      </div>
    </div>
    <!--&lt;OrderedItemSummaryCard&gt;-->
  </div>
</body>
`;
