// Vitest Snapshot v1, https://vitest.dev/guide/snapshot.html

exports[`Promotion sticker > should have match snapshot 1`] = `
<div>
  <div
    class="absolute left-0 flex w-12 h-12 top-0 items-center justify-center rounded-tl-[10px] rounded-tr-none rounded-br-[20px] rounded-bl-none bg-promotion-high visible z-10"
  >
    <div
      class="text-white text-xs font-bold"
    >
      -
      85
      %
    </div>
  </div>
</div>
`;
