// Vitest Snapshot v1, https://vitest.dev/guide/snapshot.html

exports[`Slide toggle input Component > html structure > should have match snapshot 1`] = `
<div>
  <div
    class="w-full mb-3"
  >
    <div
      class="flex justify-between items-center bg-slate-200 p-3.5 text-black rounded-md"
    >
      <p>
        Re-use same address
      </p>
       
      <div
        aria-checked="true"
        aria-label=""
        class="slide-toggle inline-block rounded-full hover:brightness-[105%] dark:hover:brightness-110 cursor-pointer "
        data-testid="slide-toggle"
        id=""
        role="switch"
        tabindex="0"
      >
        <label
          class="slide-toggle-label unstyled flex items-center"
        >
          <input
            class="slide-toggle-input hidden"
            name="slide"
            type="checkbox"
          />
           
          <div
            class="slide-toggle-track flex transition-all duration-[200ms] cursor-pointer  rounded-full w-12 h-6 bg-orange-400"
          >
            <div
              class="slide-toggle-thumb w-[50%] h-full scale-[0.8] transition-all duration-[200ms] shadow rounded-full bg-white/75 translate-x-full"
            />
          </div>
           
        </label>
      </div>
    </div>
  </div>
</div>
`;
